Archive member included to satisfy reference by file (symbol)

/usr/local/Cellar/arm-gcc-bin@10/10.3-2021.10_1/bin/../lib/gcc/arm-none-eabi/10.3.1/../../../../arm-none-eabi/lib/thumb/v6-m/nofp/libc_nano.a(lib_a-exit.o)
                              /usr/local/Cellar/arm-gcc-bin@10/10.3-2021.10_1/bin/../lib/gcc/arm-none-eabi/10.3.1/../../../../arm-none-eabi/lib/thumb/v6-m/nofp/crt0.o (exit)
/usr/local/Cellar/arm-gcc-bin@10/10.3-2021.10_1/bin/../lib/gcc/arm-none-eabi/10.3.1/../../../../arm-none-eabi/lib/thumb/v6-m/nofp/libc_nano.a(lib_a-impure.o)
                              /usr/local/Cellar/arm-gcc-bin@10/10.3-2021.10_1/bin/../lib/gcc/arm-none-eabi/10.3.1/../../../../arm-none-eabi/lib/thumb/v6-m/nofp/libc_nano.a(lib_a-exit.o) (_global_impure_ptr)
/usr/local/Cellar/arm-gcc-bin@10/10.3-2021.10_1/bin/../lib/gcc/arm-none-eabi/10.3.1/../../../../arm-none-eabi/lib/thumb/v6-m/nofp/libc_nano.a(lib_a-init.o)
                              /usr/local/Cellar/arm-gcc-bin@10/10.3-2021.10_1/bin/../lib/gcc/arm-none-eabi/10.3.1/../../../../arm-none-eabi/lib/thumb/v6-m/nofp/crt0.o (__libc_init_array)
/usr/local/Cellar/arm-gcc-bin@10/10.3-2021.10_1/bin/../lib/gcc/arm-none-eabi/10.3.1/../../../../arm-none-eabi/lib/thumb/v6-m/nofp/libc_nano.a(lib_a-memset.o)
                              /usr/local/Cellar/arm-gcc-bin@10/10.3-2021.10_1/bin/../lib/gcc/arm-none-eabi/10.3.1/../../../../arm-none-eabi/lib/thumb/v6-m/nofp/crt0.o (memset)
/usr/local/Cellar/arm-gcc-bin@10/10.3-2021.10_1/bin/../lib/gcc/arm-none-eabi/10.3.1/../../../../arm-none-eabi/lib/thumb/v6-m/nofp/libnosys.a(_exit.o)
                              /usr/local/Cellar/arm-gcc-bin@10/10.3-2021.10_1/bin/../lib/gcc/arm-none-eabi/10.3.1/../../../../arm-none-eabi/lib/thumb/v6-m/nofp/libc_nano.a(lib_a-exit.o) (_exit)
/usr/local/Cellar/arm-gcc-bin@10/10.3-2021.10_1/bin/../lib/gcc/arm-none-eabi/10.3.1/thumb/v6-m/nofp/libgcc.a(_udivsi3.o)
                              build/system_stm32f0xx.o (__aeabi_uidiv)
/usr/local/Cellar/arm-gcc-bin@10/10.3-2021.10_1/bin/../lib/gcc/arm-none-eabi/10.3.1/thumb/v6-m/nofp/libgcc.a(_dvmd_tls.o)
                              /usr/local/Cellar/arm-gcc-bin@10/10.3-2021.10_1/bin/../lib/gcc/arm-none-eabi/10.3.1/thumb/v6-m/nofp/libgcc.a(_udivsi3.o) (__aeabi_idiv0)

Discarded input sections

 .text          0x0000000000000000        0x0 /usr/local/Cellar/arm-gcc-bin@10/10.3-2021.10_1/bin/../lib/gcc/arm-none-eabi/10.3.1/thumb/v6-m/nofp/crti.o
 .data          0x0000000000000000        0x0 /usr/local/Cellar/arm-gcc-bin@10/10.3-2021.10_1/bin/../lib/gcc/arm-none-eabi/10.3.1/thumb/v6-m/nofp/crti.o
 .bss           0x0000000000000000        0x0 /usr/local/Cellar/arm-gcc-bin@10/10.3-2021.10_1/bin/../lib/gcc/arm-none-eabi/10.3.1/thumb/v6-m/nofp/crti.o
 .data          0x0000000000000000        0x4 /usr/local/Cellar/arm-gcc-bin@10/10.3-2021.10_1/bin/../lib/gcc/arm-none-eabi/10.3.1/thumb/v6-m/nofp/crtbegin.o
 .rodata        0x0000000000000000       0x24 /usr/local/Cellar/arm-gcc-bin@10/10.3-2021.10_1/bin/../lib/gcc/arm-none-eabi/10.3.1/thumb/v6-m/nofp/crtbegin.o
 .text          0x0000000000000000       0x80 /usr/local/Cellar/arm-gcc-bin@10/10.3-2021.10_1/bin/../lib/gcc/arm-none-eabi/10.3.1/../../../../arm-none-eabi/lib/thumb/v6-m/nofp/crt0.o
 .data          0x0000000000000000        0x0 /usr/local/Cellar/arm-gcc-bin@10/10.3-2021.10_1/bin/../lib/gcc/arm-none-eabi/10.3.1/../../../../arm-none-eabi/lib/thumb/v6-m/nofp/crt0.o
 .bss           0x0000000000000000        0x0 /usr/local/Cellar/arm-gcc-bin@10/10.3-2021.10_1/bin/../lib/gcc/arm-none-eabi/10.3.1/../../../../arm-none-eabi/lib/thumb/v6-m/nofp/crt0.o
 .ARM.extab     0x0000000000000000        0x0 /usr/local/Cellar/arm-gcc-bin@10/10.3-2021.10_1/bin/../lib/gcc/arm-none-eabi/10.3.1/../../../../arm-none-eabi/lib/thumb/v6-m/nofp/crt0.o
 .ARM.exidx     0x0000000000000000       0x10 /usr/local/Cellar/arm-gcc-bin@10/10.3-2021.10_1/bin/../lib/gcc/arm-none-eabi/10.3.1/../../../../arm-none-eabi/lib/thumb/v6-m/nofp/crt0.o
 .ARM.attributes
                0x0000000000000000       0x1b /usr/local/Cellar/arm-gcc-bin@10/10.3-2021.10_1/bin/../lib/gcc/arm-none-eabi/10.3.1/../../../../arm-none-eabi/lib/thumb/v6-m/nofp/crt0.o
 .text          0x0000000000000000        0x0 build/main.o
 .data          0x0000000000000000        0x0 build/main.o
 .bss           0x0000000000000000        0x0 build/main.o
 .text.lcd_putchar
                0x0000000000000000      0x124 build/main.o
 .text.lcd_putstring
                0x0000000000000000       0x18 build/main.o
 .text.writeLCD
                0x0000000000000000       0x14 build/main.o
 .text.pollADC  0x0000000000000000        0x4 build/main.o
 .text.ADCtoCCR
                0x0000000000000000        0x4 build/main.o
 .bss.curr_millis
                0x0000000000000000        0x4 build/main.o
 .bss.prev_millis
                0x0000000000000000        0x4 build/main.o
 .text          0x0000000000000000        0x0 build/stm32f0xx_it.o
[...]
Memory Configuration

Name             Origin             Length             Attributes
RAM              0x0000000020000000 0x0000000000002000 xrw
FLASH            0x0000000008000000 0x0000000000008000 xr
*default*        0x0000000000000000 0xffffffffffffffff

Linker script and memory map

LOAD /usr/local/Cellar/arm-gcc-bin@10/10.3-2021.10_1/bin/../lib/gcc/arm-none-eabi/10.3.1/thumb/v6-m/nofp/crti.o
LOAD /usr/local/Cellar/arm-gcc-bin@10/10.3-2021.10_1/bin/../lib/gcc/arm-none-eabi/10.3.1/thumb/v6-m/nofp/crtbegin.o
LOAD /usr/local/Cellar/arm-gcc-bin@10/10.3-2021.10_1/bin/../lib/gcc/arm-none-eabi/10.3.1/../../../../arm-none-eabi/lib/thumb/v6-m/nofp/crt0.o
LOAD build/main.o
LOAD build/stm32f0xx_it.o
LOAD build/system_stm32f0xx.o
LOAD build/stm32f0xx_ll_gpio.o
LOAD build/stm32f0xx_hal.o
LOAD build/stm32f0xx_hal_pwr.o
LOAD build/stm32f0xx_hal_pwr_ex.o
LOAD build/stm32f0xx_ll_exti.o
LOAD build/stm32f0xx_ll_rcc.o
LOAD build/stm32f0xx_hal_adc.o
LOAD build/stm32f0xx_hal_cortex.o
LOAD build/stm32f0xx_hal_adc_ex.o
LOAD build/stm32f0xx_hal_dma.o
LOAD build/stm32f0xx_hal_flash.o
LOAD build/stm32f0xx_hal_flash_ex.o
LOAD build/stm32f0xx_hal_gpio.o
LOAD build/stm32f0xx_hal_i2c.o
LOAD build/stm32f0xx_hal_i2c_ex.o
LOAD build/stm32f0xx_hal_tim.o
LOAD build/stm32f0xx_hal_tim_ex.o
LOAD build/stm32f0xx_hal_rcc.o
LOAD build/stm32f0xx_hal_rcc_ex.o
LOAD build/stm32f0xx_hal_msp.o
LOAD build/stm32f0xx_ll_utils.o
LOAD build/startup_stm32f051x8.o
LOAD /usr/local/Cellar/arm-gcc-bin@10/10.3-2021.10_1/bin/../lib/gcc/arm-none-eabi/10.3.1/../../../../arm-none-eabi/lib/thumb/v6-m/nofp/libc_nano.a
LOAD /usr/local/Cellar/arm-gcc-bin@10/10.3-2021.10_1/bin/../lib/gcc/arm-none-eabi/10.3.1/../../../../arm-none-eabi/lib/thumb/v6-m/nofp/libm.a
LOAD /usr/local/Cellar/arm-gcc-bin@10/10.3-2021.10_1/bin/../lib/gcc/arm-none-eabi/10.3.1/../../../../arm-none-eabi/lib/thumb/v6-m/nofp/libnosys.a
START GROUP
LOAD /usr/local/Cellar/arm-gcc-bin@10/10.3-2021.10_1/bin/../lib/gcc/arm-none-eabi/10.3.1/thumb/v6-m/nofp/libgcc.a
LOAD /usr/local/Cellar/arm-gcc-bin@10/10.3-2021.10_1/bin/../lib/gcc/arm-none-eabi/10.3.1/../../../../arm-none-eabi/lib/thumb/v6-m/nofp/libc_nano.a
END GROUP
START GROUP
LOAD /usr/local/Cellar/arm-gcc-bin@10/10.3-2021.10_1/bin/../lib/gcc/arm-none-eabi/10.3.1/thumb/v6-m/nofp/libgcc.a
LOAD /usr/local/Cellar/arm-gcc-bin@10/10.3-2021.10_1/bin/../lib/gcc/arm-none-eabi/10.3.1/../../../../arm-none-eabi/lib/thumb/v6-m/nofp/libc_nano.a
END GROUP
LOAD /usr/local/Cellar/arm-gcc-bin@10/10.3-2021.10_1/bin/../lib/gcc/arm-none-eabi/10.3.1/thumb/v6-m/nofp/crtend.o
LOAD /usr/local/Cellar/arm-gcc-bin@10/10.3-2021.10_1/bin/../lib/gcc/arm-none-eabi/10.3.1/thumb/v6-m/nofp/crtn.o
                0x0000000020002000                _estack = (ORIGIN (RAM) + LENGTH (RAM))
                0x0000000000000200                _Min_Heap_Size = 0x200
                0x0000000000000400                _Min_Stack_Size = 0x400

.isr_vector     0x0000000008000000       0xc0
                0x0000000008000000                . = ALIGN (0x4)
 *(.isr_vector)
 .isr_vector    0x0000000008000000       0xc0 build/startup_stm32f051x8.o
                0x0000000008000000                g_pfnVectors
                0x00000000080000c0                . = ALIGN (0x4)

.text           0x00000000080000c0     0x1888
                0x00000000080000c0                . = ALIGN (0x4)
 *(.text)
 .text          0x00000000080000c0       0x48 /usr/local/Cellar/arm-gcc-bin@10/10.3-2021.10_1/bin/../lib/gcc/arm-none-eabi/10.3.1/thumb/v6-m/nofp/crtbegin.o
 .text          0x0000000008000108      0x114 /usr/local/Cellar/arm-gcc-bin@10/10.3-2021.10_1/bin/../lib/gcc/arm-none-eabi/10.3.1/thumb/v6-m/nofp/libgcc.a(_udivsi3.o)
                0x0000000008000108                __udivsi3
                0x0000000008000108                __aeabi_uidiv
                0x0000000008000214                __aeabi_uidivmod
 .text          0x000000000800021c        0x4 /usr/local/Cellar/arm-gcc-bin@10/10.3-2021.10_1/bin/../lib/gcc/arm-none-eabi/10.3.1/thumb/v6-m/nofp/libgcc.a(_dvmd_tls.o)
                0x000000000800021c                __aeabi_ldiv0
                0x000000000800021c                __aeabi_idiv0
 *(.text*)
 .text.MX_GPIO_Init
                0x0000000008000220       0xc8 build/main.o
 .text.delay    0x00000000080002e8       0x22 build/main.o
                0x00000000080002e8                delay
 *fill*         0x000000000800030a        0x2 
 .text.pulse_strobe
                0x000000000800030c       0x38 build/main.o
                0x000000000800030c                pulse_strobe
 .text.lcd_command
                0x0000000008000344      0x130 build/main.o
                0x0000000008000344                lcd_command
 .text.init_LCD
                0x0000000008000474       0x80 build/main.o
                0x0000000008000474                init_LCD
 .text.EXTI0_1_IRQHandler
                0x00000000080004f4       0x58 build/main.o
                0x00000000080004f4                EXTI0_1_IRQHandler
 .text.ADC1_COMP_IRQHandler
                0x000000000800054c       0x20 build/main.o
                0x000000000800054c                ADC1_COMP_IRQHandler
 .text.Error_Handler
                0x000000000800056c        0x4 build/main.o
                0x000000000800056c                Error_Handler
 .text.MX_ADC_Init
                0x0000000008000570       0x9c build/main.o
 .text.MX_TIM3_Init
                0x000000000800060c       0xb0 build/main.o
 .text.SystemClock_Config
                0x00000000080006bc       0xa4 build/main.o
                0x00000000080006bc                SystemClock_Config
 .text.main     0x0000000008000760       0x48 build/main.o
                0x0000000008000760                main
 .text.NMI_Handler
                0x00000000080007a8        0x2 build/stm32f0xx_it.o
                0x00000000080007a8                NMI_Handler
 .text.HardFault_Handler
                0x00000000080007aa        0x2 build/stm32f0xx_it.o
                0x00000000080007aa                HardFault_Handler
 .text.SVC_Handler
                0x00000000080007ac        0x2 build/stm32f0xx_it.o
                0x00000000080007ac                SVC_Handler
 .text.PendSV_Handler
                0x00000000080007ae        0x2 build/stm32f0xx_it.o
                0x00000000080007ae                PendSV_Handler
 .text.SysTick_Handler
                0x00000000080007b0        0x8 build/stm32f0xx_it.o
                0x00000000080007b0                SysTick_Handler
 .text.SystemInit
                0x00000000080007b8        0x2 build/system_stm32f0xx.o
                0x00000000080007b8                SystemInit
 .text.LL_GPIO_Init
                0x00000000080007ba       0xb0 build/stm32f0xx_ll_gpio.o
                0x00000000080007ba                LL_GPIO_Init
 *fill*         0x000000000800086a        0x2 
 .text.HAL_InitTick
                0x000000000800086c       0x50 build/stm32f0xx_hal.o
                0x000000000800086c                HAL_InitTick
 .text.HAL_Init
                0x00000000080008bc       0x20 build/stm32f0xx_hal.o
                0x00000000080008bc                HAL_Init
 .text.HAL_IncTick
                0x00000000080008dc       0x18 build/stm32f0xx_hal.o
                0x00000000080008dc                HAL_IncTick
 .text.HAL_GetTick
                0x00000000080008f4        0xc build/stm32f0xx_hal.o
                0x00000000080008f4                HAL_GetTick
 .text.HAL_Delay
                0x0000000008000900       0x24 build/stm32f0xx_hal.o
                0x0000000008000900                HAL_Delay
 .text.LL_EXTI_Init
                0x0000000008000924       0xc8 build/stm32f0xx_ll_exti.o
                0x0000000008000924                LL_EXTI_Init
 .text.HAL_ADC_Init
                0x00000000080009ec      0x184 build/stm32f0xx_hal_adc.o
                0x00000000080009ec                HAL_ADC_Init
 .text.HAL_ADC_GetValue
                0x0000000008000b70        0x6 build/stm32f0xx_hal_adc.o
                0x0000000008000b70                HAL_ADC_GetValue
 .text.HAL_ADC_ConvCpltCallback
                0x0000000008000b76        0x2 build/stm32f0xx_hal_adc.o
                0x0000000008000b76                HAL_ADC_ConvCpltCallback
 .text.HAL_ADC_LevelOutOfWindowCallback
                0x0000000008000b78        0x2 build/stm32f0xx_hal_adc.o
                0x0000000008000b78                HAL_ADC_LevelOutOfWindowCallback
 .text.HAL_ADC_ErrorCallback
                0x0000000008000b7a        0x2 build/stm32f0xx_hal_adc.o
                0x0000000008000b7a                HAL_ADC_ErrorCallback
 .text.HAL_ADC_IRQHandler
                0x0000000008000b7c       0xd0 build/stm32f0xx_hal_adc.o
                0x0000000008000b7c                HAL_ADC_IRQHandler
 .text.HAL_ADC_ConfigChannel
                0x0000000008000c4c      0x14c build/stm32f0xx_hal_adc.o
                0x0000000008000c4c                HAL_ADC_ConfigChannel
 .text.HAL_NVIC_SetPriority
                0x0000000008000d98       0x60 build/stm32f0xx_hal_cortex.o
                0x0000000008000d98                HAL_NVIC_SetPriority
 .text.HAL_NVIC_EnableIRQ
                0x0000000008000df8       0x18 build/stm32f0xx_hal_cortex.o
                0x0000000008000df8                HAL_NVIC_EnableIRQ
 .text.HAL_SYSTICK_Config
                0x0000000008000e10       0x38 build/stm32f0xx_hal_cortex.o
                0x0000000008000e10                HAL_SYSTICK_Config
 .text.HAL_GPIO_Init
                0x0000000008000e48      0x18c build/stm32f0xx_hal_gpio.o
                0x0000000008000e48                HAL_GPIO_Init
 .text.HAL_GPIO_ReadPin
                0x0000000008000fd4        0xe build/stm32f0xx_hal_gpio.o
                0x0000000008000fd4                HAL_GPIO_ReadPin
 .text.HAL_GPIO_TogglePin
                0x0000000008000fe2       0x10 build/stm32f0xx_hal_gpio.o
                0x0000000008000fe2                HAL_GPIO_TogglePin
 .text.HAL_GPIO_EXTI_Callback
                0x0000000008000ff2        0x2 build/stm32f0xx_hal_gpio.o
                0x0000000008000ff2                HAL_GPIO_EXTI_Callback
 .text.HAL_GPIO_EXTI_IRQHandler
                0x0000000008000ff4       0x1c build/stm32f0xx_hal_gpio.o
                0x0000000008000ff4                HAL_GPIO_EXTI_IRQHandler
 .text.TIM_OC1_SetConfig
                0x0000000008001010       0x88 build/stm32f0xx_hal_tim.o
 .text.TIM_OC3_SetConfig
                0x0000000008001098       0x90 build/stm32f0xx_hal_tim.o
 .text.TIM_OC4_SetConfig
                0x0000000008001128       0x74 build/stm32f0xx_hal_tim.o
 .text.TIM_TI1_ConfigInputStage
                0x000000000800119c       0x22 build/stm32f0xx_hal_tim.o
 *fill*         0x00000000080011be        0x2 
 .text.TIM_TI2_ConfigInputStage
                0x00000000080011c0       0x28 build/stm32f0xx_hal_tim.o
 .text.TIM_ITRx_SetConfig
                0x00000000080011e8       0x10 build/stm32f0xx_hal_tim.o
 .text.HAL_TIM_PWM_MspInit
                0x00000000080011f8        0x2 build/stm32f0xx_hal_tim.o
                0x00000000080011f8                HAL_TIM_PWM_MspInit
 *fill*         0x00000000080011fa        0x2 
 .text.TIM_Base_SetConfig
                0x00000000080011fc       0xa4 build/stm32f0xx_hal_tim.o
                0x00000000080011fc                TIM_Base_SetConfig
 .text.HAL_TIM_Base_Init
                0x00000000080012a0       0x58 build/stm32f0xx_hal_tim.o
                0x00000000080012a0                HAL_TIM_Base_Init
 .text.HAL_TIM_PWM_Init
                0x00000000080012f8       0x58 build/stm32f0xx_hal_tim.o
                0x00000000080012f8                HAL_TIM_PWM_Init
 .text.TIM_OC2_SetConfig
                0x0000000008001350       0x88 build/stm32f0xx_hal_tim.o
                0x0000000008001350                TIM_OC2_SetConfig
 .text.HAL_TIM_PWM_ConfigChannel
                0x00000000080013d8       0xf0 build/stm32f0xx_hal_tim.o
                0x00000000080013d8                HAL_TIM_PWM_ConfigChannel
 .text.TIM_ETR_SetConfig
                0x00000000080014c8       0x18 build/stm32f0xx_hal_tim.o
                0x00000000080014c8                TIM_ETR_SetConfig
 .text.HAL_TIM_ConfigClockSource
                0x00000000080014e0      0x108 build/stm32f0xx_hal_tim.o
                0x00000000080014e0                HAL_TIM_ConfigClockSource
 .text.TIM_CCxChannelCmd
                0x00000000080015e8       0x1a build/stm32f0xx_hal_tim.o
                0x00000000080015e8                TIM_CCxChannelCmd
 *fill*         0x0000000008001602        0x2 
 .text.HAL_TIM_PWM_Start
                0x0000000008001604       0xfc build/stm32f0xx_hal_tim.o
                0x0000000008001604                HAL_TIM_PWM_Start
 .text.HAL_TIMEx_MasterConfigSynchronization
                0x0000000008001700       0x6c build/stm32f0xx_hal_tim_ex.o
                0x0000000008001700                HAL_TIMEx_MasterConfigSynchronization
 .text.HAL_MspInit
                0x000000000800176c       0x30 build/stm32f0xx_hal_msp.o
                0x000000000800176c                HAL_MspInit
 .text.HAL_ADC_MspInit
                0x000000000800179c       0x60 build/stm32f0xx_hal_msp.o
                0x000000000800179c                HAL_ADC_MspInit
 .text.HAL_TIM_Base_MspInit
                0x00000000080017fc       0x2c build/stm32f0xx_hal_msp.o
                0x00000000080017fc                HAL_TIM_Base_MspInit
 .text.HAL_TIM_MspPostInit
                0x0000000008001828       0x50 build/stm32f0xx_hal_msp.o
                0x0000000008001828                HAL_TIM_MspPostInit
 .text.LL_SetSystemCoreClock
                0x0000000008001878        0xc build/stm32f0xx_ll_utils.o
                0x0000000008001878                LL_SetSystemCoreClock
 .text.Reset_Handler
                0x0000000008001884       0x50 build/startup_stm32f051x8.o
                0x0000000008001884                Reset_Handler
 .text.Default_Handler
                0x00000000080018d4        0x2 build/startup_stm32f051x8.o
                0x00000000080018d4                TIM1_BRK_UP_TRG_COM_IRQHandler
                0x00000000080018d4                TSC_IRQHandler
                0x00000000080018d4                PVD_IRQHandler
                0x00000000080018d4                I2C1_IRQHandler
                0x00000000080018d4                RCC_CRS_IRQHandler
                0x00000000080018d4                SPI1_IRQHandler
                0x00000000080018d4                TIM6_DAC_IRQHandler
                0x00000000080018d4                EXTI2_3_IRQHandler
                0x00000000080018d4                I2C2_IRQHandler
                0x00000000080018d4                TIM17_IRQHandler
                0x00000000080018d4                CEC_CAN_IRQHandler
                0x00000000080018d4                RTC_IRQHandler
                0x00000000080018d4                TIM16_IRQHandler
                0x00000000080018d4                TIM3_IRQHandler
                0x00000000080018d4                EXTI4_15_IRQHandler
                0x00000000080018d4                DMA1_Channel1_IRQHandler
                0x00000000080018d4                Default_Handler
                0x00000000080018d4                TIM14_IRQHandler
                0x00000000080018d4                DMA1_Channel4_5_IRQHandler
                0x00000000080018d4                TIM15_IRQHandler
                0x00000000080018d4                SPI2_IRQHandler
                0x00000000080018d4                WWDG_IRQHandler
                0x00000000080018d4                TIM2_IRQHandler
                0x00000000080018d4                DMA1_Channel2_3_IRQHandler
                0x00000000080018d4                USART2_IRQHandler
                0x00000000080018d4                FLASH_IRQHandler
                0x00000000080018d4                USART1_IRQHandler
                0x00000000080018d4                TIM1_CC_IRQHandler
 *fill*         0x00000000080018d6        0x2 
 .text.__libc_init_array
                0x00000000080018d8       0x48 /usr/local/Cellar/arm-gcc-bin@10/10.3-2021.10_1/bin/../lib/gcc/arm-none-eabi/10.3.1/../../../../arm-none-eabi/lib/thumb/v6-m/nofp/libc_nano.a(lib_a-init.o)
                0x00000000080018d8                __libc_init_array
 .text.memset   0x0000000008001920       0x10 /usr/local/Cellar/arm-gcc-bin@10/10.3-2021.10_1/bin/../lib/gcc/arm-none-eabi/10.3.1/../../../../arm-none-eabi/lib/thumb/v6-m/nofp/libc_nano.a(lib_a-memset.o)
                0x0000000008001920                memset
 *(.glue_7)
 .glue_7        0x0000000008001930        0x0 linker stubs
 *(.glue_7t)
 .glue_7t       0x0000000008001930        0x0 linker stubs
 *(.eh_frame)
 .eh_frame      0x0000000008001930        0x0 /usr/local/Cellar/arm-gcc-bin@10/10.3-2021.10_1/bin/../lib/gcc/arm-none-eabi/10.3.1/thumb/v6-m/nofp/crtbegin.o
 *(.init)
 .init          0x0000000008001930        0x4 /usr/local/Cellar/arm-gcc-bin@10/10.3-2021.10_1/bin/../lib/gcc/arm-none-eabi/10.3.1/thumb/v6-m/nofp/crti.o
                0x0000000008001930                _init
 .init          0x0000000008001934        0x8 /usr/local/Cellar/arm-gcc-bin@10/10.3-2021.10_1/bin/../lib/gcc/arm-none-eabi/10.3.1/thumb/v6-m/nofp/crtn.o
 *(.fini)
 .fini          0x000000000800193c        0x4 /usr/local/Cellar/arm-gcc-bin@10/10.3-2021.10_1/bin/../lib/gcc/arm-none-eabi/10.3.1/thumb/v6-m/nofp/crti.o
                0x000000000800193c                _fini
 .fini          0x0000000008001940        0x8 /usr/local/Cellar/arm-gcc-bin@10/10.3-2021.10_1/bin/../lib/gcc/arm-none-eabi/10.3.1/thumb/v6-m/nofp/crtn.o
                0x0000000008001948                . = ALIGN (0x4)
                0x0000000008001948                _etext = .

.vfp11_veneer   0x0000000008001948        0x0
 .vfp11_veneer  0x0000000008001948        0x0 linker stubs

.v4_bx          0x0000000008001948        0x0
 .v4_bx         0x0000000008001948        0x0 linker stubs

.iplt           0x0000000008001948        0x0
 .iplt          0x0000000008001948        0x0 /usr/local/Cellar/arm-gcc-bin@10/10.3-2021.10_1/bin/../lib/gcc/arm-none-eabi/10.3.1/thumb/v6-m/nofp/crtbegin.o

.rel.dyn        0x0000000008001948        0x0
 .rel.iplt      0x0000000008001948        0x0 /usr/local/Cellar/arm-gcc-bin@10/10.3-2021.10_1/bin/../lib/gcc/arm-none-eabi/10.3.1/thumb/v6-m/nofp/crtbegin.o

.rodata         0x0000000008001948        0x0
                0x0000000008001948                . = ALIGN (0x4)
 *(.rodata)
 *(.rodata*)
                0x0000000008001948                . = ALIGN (0x4)

.ARM.extab      0x0000000008001948        0x0
                0x0000000008001948                . = ALIGN (0x4)
 *(.ARM.extab* .gnu.linkonce.armextab.*)
                0x0000000008001948                . = ALIGN (0x4)

.ARM            0x0000000008001948        0x0
                0x0000000008001948                . = ALIGN (0x4)
                0x0000000008001948                __exidx_start = .
 *(.ARM.exidx*)
                0x0000000008001948                __exidx_end = .
                0x0000000008001948                . = ALIGN (0x4)

.preinit_array  0x0000000008001948        0x0
                0x0000000008001948                . = ALIGN (0x4)
                0x0000000008001948                PROVIDE (__preinit_array_start = .)
 *(.preinit_array*)
                0x0000000008001948                PROVIDE (__preinit_array_end = .)
                0x0000000008001948                . = ALIGN (0x4)

.init_array     0x0000000008001948        0x4
                0x0000000008001948                . = ALIGN (0x4)
                0x0000000008001948                PROVIDE (__init_array_start = .)
 *(SORT_BY_NAME(.init_array.*))
 *(.init_array*)
 .init_array    0x0000000008001948        0x4 /usr/local/Cellar/arm-gcc-bin@10/10.3-2021.10_1/bin/../lib/gcc/arm-none-eabi/10.3.1/thumb/v6-m/nofp/crtbegin.o
                0x000000000800194c                PROVIDE (__init_array_end = .)
                0x000000000800194c                . = ALIGN (0x4)

.fini_array     0x000000000800194c        0x4
                0x000000000800194c                . = ALIGN (0x4)
                [!provide]                        PROVIDE (__fini_array_start = .)
 *(SORT_BY_NAME(.fini_array.*))
 *(.fini_array*)
 .fini_array    0x000000000800194c        0x4 /usr/local/Cellar/arm-gcc-bin@10/10.3-2021.10_1/bin/../lib/gcc/arm-none-eabi/10.3.1/thumb/v6-m/nofp/crtbegin.o
                [!provide]                        PROVIDE (__fini_array_end = .)
                0x0000000008001950                . = ALIGN (0x4)
                0x0000000008001950                _sidata = LOADADDR (.data)

.data           0x0000000020000000       0x10 load address 0x0000000008001950
                0x0000000020000000                . = ALIGN (0x4)
                0x0000000020000000                _sdata = .
 *(.data)
 *(.data*)
 .data.delay_t  0x0000000020000000        0x4 build/main.o
                0x0000000020000000                delay_t
 .data.SystemCoreClock
                0x0000000020000004        0x4 build/system_stm32f0xx.o
                0x0000000020000004                SystemCoreClock
 .data.uwTickFreq
                0x0000000020000008        0x1 build/stm32f0xx_hal.o
                0x0000000020000008                uwTickFreq
 *fill*         0x0000000020000009        0x3 
 .data.uwTickPrio
                0x000000002000000c        0x4 build/stm32f0xx_hal.o
                0x000000002000000c                uwTickPrio
 *(.RamFunc)
 *(.RamFunc*)
                0x0000000020000010                . = ALIGN (0x4)
                0x0000000020000010                _edata = .

.igot.plt       0x0000000020000010        0x0 load address 0x0000000008001960
 .igot.plt      0x0000000020000010        0x0 /usr/local/Cellar/arm-gcc-bin@10/10.3-2021.10_1/bin/../lib/gcc/arm-none-eabi/10.3.1/thumb/v6-m/nofp/crtbegin.o
                0x0000000020000010                . = ALIGN (0x4)

.bss            0x0000000020000010       0xb0 load address 0x0000000008001960
                0x0000000020000010                _sbss = .
                0x0000000020000010                __bss_start__ = _sbss
 *(.bss)
 .bss           0x0000000020000010       0x1c /usr/local/Cellar/arm-gcc-bin@10/10.3-2021.10_1/bin/../lib/gcc/arm-none-eabi/10.3.1/thumb/v6-m/nofp/crtbegin.o
 *(.bss*)
 .bss.adc_val   0x000000002000002c        0x4 build/main.o
                0x000000002000002c                adc_val
 .bss.hadc      0x0000000020000030       0x40 build/main.o
                0x0000000020000030                hadc
 .bss.htim3     0x0000000020000070       0x48 build/main.o
                0x0000000020000070                htim3
 .bss.lastPressTime.0
                0x00000000200000b8        0x4 build/main.o
 .bss.uwTick    0x00000000200000bc        0x4 build/stm32f0xx_hal.o
                0x00000000200000bc                uwTick
 *(COMMON)
                0x00000000200000c0                . = ALIGN (0x4)
                0x00000000200000c0                _ebss = .
                0x00000000200000c0                __bss_end__ = _ebss

._user_heap_stack
                0x00000000200000c0      0x600 load address 0x0000000008001960
                0x00000000200000c0                . = ALIGN (0x8)
                [!provide]                        PROVIDE (end = .)
                [!provide]                        PROVIDE (_end = .)
                0x00000000200002c0                . = (. + _Min_Heap_Size)
 *fill*         0x00000000200000c0      0x200 
                0x00000000200006c0                . = (. + _Min_Stack_Size)
 *fill*         0x00000000200002c0      0x400 
                0x00000000200006c0                . = ALIGN (0x8)

/DISCARD/
 libc.a(*)
 libm.a(*)
 libgcc.a(*)

.ARM.attributes
                0x0000000000000000       0x28
 *(.ARM.attributes)
 .ARM.attributes
                0x0000000000000000       0x1e /usr/local/Cellar/arm-gcc-bin@10/10.3-2021.10_1/bin/../lib/gcc/arm-none-eabi/10.3.1/thumb/v6-m/nofp/crti.o
 .ARM.attributes
                0x000000000000001e       0x2c /usr/local/Cellar/arm-gcc-bin@10/10.3-2021.10_1/bin/../lib/gcc/arm-none-eabi/10.3.1/thumb/v6-m/nofp/crtbegin.o
 .ARM.attributes
                0x000000000000004a       0x2c build/main.o
 .ARM.attributes
                0x0000000000000076       0x2c build/stm32f0xx_it.o
 .ARM.attributes
                0x00000000000000a2       0x2c build/system_stm32f0xx.o
 .ARM.attributes
                0x00000000000000ce       0x2c build/stm32f0xx_ll_gpio.o
 .ARM.attributes
                0x00000000000000fa       0x2c build/stm32f0xx_hal.o
 .ARM.attributes
                0x0000000000000126       0x2c build/stm32f0xx_ll_exti.o
 .ARM.attributes
                0x0000000000000152       0x2c build/stm32f0xx_hal_adc.o
 .ARM.attributes
                0x000000000000017e       0x2c build/stm32f0xx_hal_cortex.o
 .ARM.attributes
                0x00000000000001aa       0x2c build/stm32f0xx_hal_gpio.o
 .ARM.attributes
                0x00000000000001d6       0x2c build/stm32f0xx_hal_tim.o
 .ARM.attributes
                0x0000000000000202       0x2c build/stm32f0xx_hal_tim_ex.o
 .ARM.attributes
                0x000000000000022e       0x2c build/stm32f0xx_hal_msp.o
 .ARM.attributes
                0x000000000000025a       0x2c build/stm32f0xx_ll_utils.o
 .ARM.attributes
                0x0000000000000286       0x21 build/startup_stm32f051x8.o
 .ARM.attributes
                0x00000000000002a7       0x2c /usr/local/Cellar/arm-gcc-bin@10/10.3-2021.10_1/bin/../lib/gcc/arm-none-eabi/10.3.1/../../../../arm-none-eabi/lib/thumb/v6-m/nofp/libc_nano.a(lib_a-init.o)
 .ARM.attributes
                0x00000000000002d3       0x2c /usr/local/Cellar/arm-gcc-bin@10/10.3-2021.10_1/bin/../lib/gcc/arm-none-eabi/10.3.1/../../../../arm-none-eabi/lib/thumb/v6-m/nofp/libc_nano.a(lib_a-memset.o)
 .ARM.attributes
                0x00000000000002ff       0x1e /usr/local/Cellar/arm-gcc-bin@10/10.3-2021.10_1/bin/../lib/gcc/arm-none-eabi/10.3.1/thumb/v6-m/nofp/libgcc.a(_udivsi3.o)
 .ARM.attributes
                0x000000000000031d       0x1e /usr/local/Cellar/arm-gcc-bin@10/10.3-2021.10_1/bin/../lib/gcc/arm-none-eabi/10.3.1/thumb/v6-m/nofp/libgcc.a(_dvmd_tls.o)
 .ARM.attributes
                0x000000000000033b       0x1e /usr/local/Cellar/arm-gcc-bin@10/10.3-2021.10_1/bin/../lib/gcc/arm-none-eabi/10.3.1/thumb/v6-m/nofp/crtn.o
OUTPUT(build/Prac3.elf elf32-littlearm)
LOAD linker stubs
LOAD /usr/local/Cellar/arm-gcc-bin@10/10.3-2021.10_1/bin/../lib/gcc/arm-none-eabi/10.3.1/../../../../arm-none-eabi/lib/thumb/v6-m/nofp/libc.a
LOAD /usr/local/Cellar/arm-gcc-bin@10/10.3-2021.10_1/bin/../lib/gcc/arm-none-eabi/10.3.1/../../../../arm-none-eabi/lib/thumb/v6-m/nofp/libm.a
LOAD /usr/local/Cellar/arm-gcc-bin@10/10.3-2021.10_1/bin/../lib/gcc/arm-none-eabi/10.3.1/thumb/v6-m/nofp/libgcc.a

.debug_info     0x0000000000000000     0xccdc
 .debug_info    0x0000000000000000     0x1dec build/main.o
 .debug_info    0x0000000000001dec      0x147 build/stm32f0xx_it.o
 .debug_info    0x0000000000001f33      0x2b5 build/system_stm32f0xx.o
 .debug_info    0x00000000000021e8      0x836 build/stm32f0xx_ll_gpio.o
 .debug_info    0x0000000000002a1e      0x80b build/stm32f0xx_hal.o
 .debug_info    0x0000000000003229      0x53f build/stm32f0xx_ll_exti.o
 .debug_info    0x0000000000003768     0x10da build/stm32f0xx_hal_adc.o
 .debug_info    0x0000000000004842      0x8c4 build/stm32f0xx_hal_cortex.o
 .debug_info    0x0000000000005106      0x6d2 build/stm32f0xx_hal_gpio.o
 .debug_info    0x00000000000057d8     0x4014 build/stm32f0xx_hal_tim.o
 .debug_info    0x00000000000097ec     0x1bcf build/stm32f0xx_hal_tim_ex.o
 .debug_info    0x000000000000b3bb      0xdeb build/stm32f0xx_hal_msp.o
 .debug_info    0x000000000000c1a6      0xb14 build/stm32f0xx_ll_utils.o
 .debug_info    0x000000000000ccba       0x22 build/startup_stm32f051x8.o

.debug_abbrev   0x0000000000000000     0x1db7
 .debug_abbrev  0x0000000000000000      0x40e build/main.o
 .debug_abbrev  0x000000000000040e       0xba build/stm32f0xx_it.o
 .debug_abbrev  0x00000000000004c8      0x134 build/system_stm32f0xx.o
 .debug_abbrev  0x00000000000005fc      0x231 build/stm32f0xx_ll_gpio.o
 .debug_abbrev  0x000000000000082d      0x249 build/stm32f0xx_hal.o
 .debug_abbrev  0x0000000000000a76      0x1aa build/stm32f0xx_ll_exti.o
 .debug_abbrev  0x0000000000000c20      0x24d build/stm32f0xx_hal_adc.o
 .debug_abbrev  0x0000000000000e6d      0x2ab build/stm32f0xx_hal_cortex.o
 .debug_abbrev  0x0000000000001118      0x222 build/stm32f0xx_hal_gpio.o
 .debug_abbrev  0x000000000000133a      0x2ae build/stm32f0xx_hal_tim.o
 .debug_abbrev  0x00000000000015e8      0x296 build/stm32f0xx_hal_tim_ex.o
 .debug_abbrev  0x000000000000187e      0x209 build/stm32f0xx_hal_msp.o
 .debug_abbrev  0x0000000000001a87      0x31e build/stm32f0xx_ll_utils.o
 .debug_abbrev  0x0000000000001da5       0x12 build/startup_stm32f051x8.o

.debug_loc      0x0000000000000000     0xb95f
 .debug_loc     0x0000000000000000      0x50d build/main.o
 .debug_loc     0x000000000000050d       0x20 build/stm32f0xx_it.o
 .debug_loc     0x000000000000052d      0x187 build/system_stm32f0xx.o
 .debug_loc     0x00000000000006b4      0x3f6 build/stm32f0xx_ll_gpio.o
 .debug_loc     0x0000000000000aaa      0x1e1 build/stm32f0xx_hal.o
 .debug_loc     0x0000000000000c8b      0x2ac build/stm32f0xx_ll_exti.o
 .debug_loc     0x0000000000000f37     0x110d build/stm32f0xx_hal_adc.o
 .debug_loc     0x0000000000002044      0x473 build/stm32f0xx_hal_cortex.o
 .debug_loc     0x00000000000024b7      0x420 build/stm32f0xx_hal_gpio.o
 .debug_loc     0x00000000000028d7     0x6155 build/stm32f0xx_hal_tim.o
 .debug_loc     0x0000000000008a2c     0x26bf build/stm32f0xx_hal_tim_ex.o
 .debug_loc     0x000000000000b0eb      0x178 build/stm32f0xx_hal_msp.o
 .debug_loc     0x000000000000b263      0x6fc build/stm32f0xx_ll_utils.o

.debug_aranges  0x0000000000000000      0xa08
 .debug_aranges
                0x0000000000000000       0xa0 build/main.o
 .debug_aranges
                0x00000000000000a0       0x40 build/stm32f0xx_it.o
 .debug_aranges
                0x00000000000000e0       0x28 build/system_stm32f0xx.o
 .debug_aranges
                0x0000000000000108       0x30 build/stm32f0xx_ll_gpio.o
 .debug_aranges
                0x0000000000000138       0xd0 build/stm32f0xx_hal.o
 .debug_aranges
                0x0000000000000208       0x30 build/stm32f0xx_ll_exti.o
 .debug_aranges
                0x0000000000000238       0xf8 build/stm32f0xx_hal_adc.o
 .debug_aranges
                0x0000000000000330       0x78 build/stm32f0xx_hal_cortex.o
 .debug_aranges
                0x00000000000003a8       0x58 build/stm32f0xx_hal_gpio.o
 .debug_aranges
                0x0000000000000400      0x3d0 build/stm32f0xx_hal_tim.o
 .debug_aranges
                0x00000000000007d0      0x168 build/stm32f0xx_hal_tim_ex.o
 .debug_aranges
                0x0000000000000938       0x48 build/stm32f0xx_hal_msp.o
 .debug_aranges
                0x0000000000000980       0x60 build/stm32f0xx_ll_utils.o
 .debug_aranges
                0x00000000000009e0       0x28 build/startup_stm32f051x8.o

.debug_ranges   0x0000000000000000      0xa20
 .debug_ranges  0x0000000000000000       0x90 build/main.o
 .debug_ranges  0x0000000000000090       0x30 build/stm32f0xx_it.o
 .debug_ranges  0x00000000000000c0       0x18 build/system_stm32f0xx.o
 .debug_ranges  0x00000000000000d8       0x80 build/stm32f0xx_ll_gpio.o
 .debug_ranges  0x0000000000000158       0xc0 build/stm32f0xx_hal.o
 .debug_ranges  0x0000000000000218       0x50 build/stm32f0xx_ll_exti.o
 .debug_ranges  0x0000000000000268       0xe8 build/stm32f0xx_hal_adc.o
 .debug_ranges  0x0000000000000350       0xc8 build/stm32f0xx_hal_cortex.o
 .debug_ranges  0x0000000000000418       0x48 build/stm32f0xx_hal_gpio.o
 .debug_ranges  0x0000000000000460      0x3c0 build/stm32f0xx_hal_tim.o
 .debug_ranges  0x0000000000000820      0x158 build/stm32f0xx_hal_tim_ex.o
 .debug_ranges  0x0000000000000978       0x38 build/stm32f0xx_hal_msp.o
 .debug_ranges  0x00000000000009b0       0x50 build/stm32f0xx_ll_utils.o
 .debug_ranges  0x0000000000000a00       0x20 build/startup_stm32f051x8.o

.debug_line     0x0000000000000000     0xa9a5
 .debug_line    0x0000000000000000      0xc3e build/main.o
 .debug_line    0x0000000000000c3e      0x1c4 build/stm32f0xx_it.o
 .debug_line    0x0000000000000e02      0x20d build/system_stm32f0xx.o
 .debug_line    0x000000000000100f      0x45b build/stm32f0xx_ll_gpio.o
 .debug_line    0x000000000000146a      0x4ee build/stm32f0xx_hal.o
 .debug_line    0x0000000000001958      0x3a3 build/stm32f0xx_ll_exti.o
 .debug_line    0x0000000000001cfb      0xfdf build/stm32f0xx_hal_adc.o
 .debug_line    0x0000000000002cda      0x4fa build/stm32f0xx_hal_cortex.o
 .debug_line    0x00000000000031d4      0x647 build/stm32f0xx_hal_gpio.o
 .debug_line    0x000000000000381b     0x4aeb build/stm32f0xx_hal_tim.o
 .debug_line    0x0000000000008306     0x1bd4 build/stm32f0xx_hal_tim_ex.o
 .debug_line    0x0000000000009eda      0x358 build/stm32f0xx_hal_msp.o
 .debug_line    0x000000000000a232      0x6fc build/stm32f0xx_ll_utils.o
 .debug_line    0x000000000000a92e       0x77 build/startup_stm32f051x8.o

.debug_str      0x0000000000000000     0x3263
 .debug_str     0x0000000000000000     0x104a build/main.o
                                       0x116a (size before relaxing)
 .debug_str     0x000000000000104a       0x6d build/stm32f0xx_it.o
                                        0x1f1 (size before relaxing)
 .debug_str     0x00000000000010b7       0x86 build/system_stm32f0xx.o
                                        0x262 (size before relaxing)
 .debug_str     0x000000000000113d      0x107 build/stm32f0xx_ll_gpio.o
                                        0x392 (size before relaxing)
 .debug_str     0x0000000000001244      0x284 build/stm32f0xx_hal.o
                                        0x6cc (size before relaxing)
 .debug_str     0x00000000000014c8      0x159 build/stm32f0xx_ll_exti.o
                                        0x366 (size before relaxing)
 .debug_str     0x0000000000001621      0x302 build/stm32f0xx_hal_adc.o
                                        0x8ef (size before relaxing)
 .debug_str     0x0000000000001923      0x261 build/stm32f0xx_hal_cortex.o
                                        0x617 (size before relaxing)
 .debug_str     0x0000000000001b84       0xd2 build/stm32f0xx_hal_gpio.o
                                        0x3f1 (size before relaxing)
 .debug_str     0x0000000000001c56      0xdf9 build/stm32f0xx_hal_tim.o
                                       0x1630 (size before relaxing)
 .debug_str     0x0000000000002a4f      0x521 build/stm32f0xx_hal_tim_ex.o
                                        0xe31 (size before relaxing)
 .debug_str     0x0000000000002f70       0x27 build/stm32f0xx_hal_msp.o
                                        0x981 (size before relaxing)
 .debug_str     0x0000000000002f97      0x2a8 build/stm32f0xx_ll_utils.o
                                        0x5f8 (size before relaxing)
 .debug_str     0x000000000000323f       0x24 build/startup_stm32f051x8.o
                                         0x63 (size before relaxing)

.comment        0x0000000000000000       0x49
 .comment       0x0000000000000000       0x49 build/main.o
                                         0x4a (size before relaxing)
 .comment       0x0000000000000049       0x4a build/stm32f0xx_it.o
 .comment       0x0000000000000049       0x4a build/system_stm32f0xx.o
 .comment       0x0000000000000049       0x4a build/stm32f0xx_ll_gpio.o
 .comment       0x0000000000000049       0x4a build/stm32f0xx_hal.o
 .comment       0x0000000000000049       0x4a build/stm32f0xx_ll_exti.o
 .comment       0x0000000000000049       0x4a build/stm32f0xx_hal_adc.o
 .comment       0x0000000000000049       0x4a build/stm32f0xx_hal_cortex.o
 .comment       0x0000000000000049       0x4a build/stm32f0xx_hal_gpio.o
 .comment       0x0000000000000049       0x4a build/stm32f0xx_hal_tim.o
 .comment       0x0000000000000049       0x4a build/stm32f0xx_hal_tim_ex.o
 .comment       0x0000000000000049       0x4a build/stm32f0xx_hal_msp.o
 .comment       0x0000000000000049       0x4a build/stm32f0xx_ll_utils.o

.debug_frame    0x0000000000000000     0x19b4
 .debug_frame   0x0000000000000000      0x1a4 build/main.o
 .debug_frame   0x00000000000001a4       0x68 build/stm32f0xx_it.o
 .debug_frame   0x000000000000020c       0x38 build/system_stm32f0xx.o
 .debug_frame   0x0000000000000244       0x50 build/stm32f0xx_ll_gpio.o
 .debug_frame   0x0000000000000294      0x1ac build/stm32f0xx_hal.o
 .debug_frame   0x0000000000000440       0x48 build/stm32f0xx_ll_exti.o
 .debug_frame   0x0000000000000488      0x2a4 build/stm32f0xx_hal_adc.o
 .debug_frame   0x000000000000072c       0xe4 build/stm32f0xx_hal_cortex.o
 .debug_frame   0x0000000000000810       0xc0 build/stm32f0xx_hal_gpio.o
 .debug_frame   0x00000000000008d0      0xae0 build/stm32f0xx_hal_tim.o
 .debug_frame   0x00000000000013b0      0x420 build/stm32f0xx_hal_tim_ex.o
 .debug_frame   0x00000000000017d0       0x98 build/stm32f0xx_hal_msp.o
 .debug_frame   0x0000000000001868       0xe0 build/stm32f0xx_ll_utils.o
 .debug_frame   0x0000000000001948       0x2c /usr/local/Cellar/arm-gcc-bin@10/10.3-2021.10_1/bin/../lib/gcc/arm-none-eabi/10.3.1/../../../../arm-none-eabi/lib/thumb/v6-m/nofp/libc_nano.a(lib_a-init.o)
 .debug_frame   0x0000000000001974       0x20 /usr/local/Cellar/arm-gcc-bin@10/10.3-2021.10_1/bin/../lib/gcc/arm-none-eabi/10.3.1/../../../../arm-none-eabi/lib/thumb/v6-m/nofp/libc_nano.a(lib_a-memset.o)
 .debug_frame   0x0000000000001994       0x20 /usr/local/Cellar/arm-gcc-bin@10/10.3-2021.10_1/bin/../lib/gcc/arm-none-eabi/10.3.1/thumb/v6-m/nofp/libgcc.a(_udivsi3.o)

Cross Reference Table

Symbol                                            File
ADC1_COMP_IRQHandler                              build/main.o
ADCtoCCR                                          build/main.o
AHBPrescTable                                     build/system_stm32f0xx.o
                                                  build/stm32f0xx_ll_utils.o
                                                  build/stm32f0xx_hal_rcc.o
                                                  build/stm32f0xx_ll_rcc.o
APBPrescTable                                     build/system_stm32f0xx.o
                                                  build/stm32f0xx_hal_rcc.o
                                                  build/stm32f0xx_ll_rcc.o
CEC_CAN_IRQHandler                                build/startup_stm32f051x8.o
DMA1_Channel1_IRQHandler                          build/startup_stm32f051x8.o
DMA1_Channel2_3_IRQHandler                        build/startup_stm32f051x8.o
DMA1_Channel4_5_IRQHandler                        build/startup_stm32f051x8.o
Default_Handler                                   build/startup_stm32f051x8.o
EXTI0_1_IRQHandler                                build/main.o
EXTI2_3_IRQHandler                                build/startup_stm32f051x8.o
EXTI4_15_IRQHandler                               build/startup_stm32f051x8.o
Error_Handler                                     build/main.o
FLASH_IRQHandler                                  build/startup_stm32f051x8.o
FLASH_PageErase                                   build/stm32f0xx_hal_flash_ex.o
                                                  build/stm32f0xx_hal_flash.o
FLASH_WaitForLastOperation                        build/stm32f0xx_hal_flash.o
                                                  build/stm32f0xx_hal_flash_ex.o
HAL_ADCEx_Calibration_Start                       build/stm32f0xx_hal_adc_ex.o
HAL_ADC_AnalogWDGConfig                           build/stm32f0xx_hal_adc.o
HAL_ADC_ConfigChannel                             build/stm32f0xx_hal_adc.o
                                                  build/main.o
HAL_ADC_ConvCpltCallback                          build/stm32f0xx_hal_adc.o
HAL_ADC_ConvHalfCpltCallback                      build/stm32f0xx_hal_adc.o
HAL_ADC_DeInit                                    build/stm32f0xx_hal_adc.o
HAL_ADC_ErrorCallback                             build/stm32f0xx_hal_adc.o
HAL_ADC_GetError                                  build/stm32f0xx_hal_adc.o
HAL_ADC_GetState                                  build/stm32f0xx_hal_adc.o
HAL_ADC_GetValue                                  build/stm32f0xx_hal_adc.o
                                                  build/main.o
HAL_ADC_IRQHandler                                build/stm32f0xx_hal_adc.o
                                                  build/main.o
HAL_ADC_Init                                      build/stm32f0xx_hal_adc.o
                                                  build/main.o
HAL_ADC_LevelOutOfWindowCallback                  build/stm32f0xx_hal_adc.o
HAL_ADC_MspDeInit                                 build/stm32f0xx_hal_msp.o
                                                  build/stm32f0xx_hal_adc.o
HAL_ADC_MspInit                                   build/stm32f0xx_hal_msp.o
                                                  build/stm32f0xx_hal_adc.o
HAL_ADC_PollForConversion                         build/stm32f0xx_hal_adc.o
HAL_ADC_PollForEvent                              build/stm32f0xx_hal_adc.o
HAL_ADC_Start                                     build/stm32f0xx_hal_adc.o
HAL_ADC_Start_DMA                                 build/stm32f0xx_hal_adc.o
HAL_ADC_Start_IT                                  build/stm32f0xx_hal_adc.o
HAL_ADC_Stop                                      build/stm32f0xx_hal_adc.o
HAL_ADC_Stop_DMA                                  build/stm32f0xx_hal_adc.o
HAL_ADC_Stop_IT                                   build/stm32f0xx_hal_adc.o
HAL_DBGMCU_DisableDBGStandbyMode                  build/stm32f0xx_hal.o
HAL_DBGMCU_DisableDBGStopMode                     build/stm32f0xx_hal.o
HAL_DBGMCU_EnableDBGStandbyMode                   build/stm32f0xx_hal.o
HAL_DBGMCU_EnableDBGStopMode                      build/stm32f0xx_hal.o
HAL_DMA_Abort                                     build/stm32f0xx_hal_dma.o
                                                  build/stm32f0xx_hal_adc.o
HAL_DMA_Abort_IT                                  build/stm32f0xx_hal_dma.o
                                                  build/stm32f0xx_hal_tim_ex.o
                                                  build/stm32f0xx_hal_tim.o
                                                  build/stm32f0xx_hal_i2c.o
HAL_DMA_DeInit                                    build/stm32f0xx_hal_dma.o
HAL_DMA_GetError                                  build/stm32f0xx_hal_dma.o
HAL_DMA_GetState                                  build/stm32f0xx_hal_dma.o
                                                  build/stm32f0xx_hal_i2c.o
HAL_DMA_IRQHandler                                build/stm32f0xx_hal_dma.o
HAL_DMA_Init                                      build/stm32f0xx_hal_dma.o
HAL_DMA_PollForTransfer                           build/stm32f0xx_hal_dma.o
HAL_DMA_RegisterCallback                          build/stm32f0xx_hal_dma.o
HAL_DMA_Start                                     build/stm32f0xx_hal_dma.o
HAL_DMA_Start_IT                                  build/stm32f0xx_hal_dma.o
                                                  build/stm32f0xx_hal_tim_ex.o
                                                  build/stm32f0xx_hal_tim.o
                                                  build/stm32f0xx_hal_i2c.o
                                                  build/stm32f0xx_hal_adc.o
HAL_DMA_UnRegisterCallback                        build/stm32f0xx_hal_dma.o
HAL_DeInit                                        build/stm32f0xx_hal.o
HAL_Delay                                         build/stm32f0xx_hal.o
                                                  build/main.o
HAL_FLASHEx_Erase                                 build/stm32f0xx_hal_flash_ex.o
HAL_FLASHEx_Erase_IT                              build/stm32f0xx_hal_flash_ex.o
HAL_FLASHEx_OBErase                               build/stm32f0xx_hal_flash_ex.o
HAL_FLASHEx_OBGetConfig                           build/stm32f0xx_hal_flash_ex.o
HAL_FLASHEx_OBGetUserData                         build/stm32f0xx_hal_flash_ex.o
HAL_FLASHEx_OBProgram                             build/stm32f0xx_hal_flash_ex.o
HAL_FLASH_EndOfOperationCallback                  build/stm32f0xx_hal_flash.o
HAL_FLASH_GetError                                build/stm32f0xx_hal_flash.o
HAL_FLASH_IRQHandler                              build/stm32f0xx_hal_flash.o
HAL_FLASH_Lock                                    build/stm32f0xx_hal_flash.o
HAL_FLASH_OB_Launch                               build/stm32f0xx_hal_flash.o
HAL_FLASH_OB_Lock                                 build/stm32f0xx_hal_flash.o
HAL_FLASH_OB_Unlock                               build/stm32f0xx_hal_flash.o
HAL_FLASH_OperationErrorCallback                  build/stm32f0xx_hal_flash.o
HAL_FLASH_Program                                 build/stm32f0xx_hal_flash.o
HAL_FLASH_Program_IT                              build/stm32f0xx_hal_flash.o
HAL_FLASH_Unlock                                  build/stm32f0xx_hal_flash.o
HAL_GPIO_DeInit                                   build/stm32f0xx_hal_gpio.o
                                                  build/stm32f0xx_hal_msp.o
HAL_GPIO_EXTI_Callback                            build/stm32f0xx_hal_gpio.o
HAL_GPIO_EXTI_IRQHandler                          build/stm32f0xx_hal_gpio.o
                                                  build/main.o
HAL_GPIO_Init                                     build/stm32f0xx_hal_gpio.o
                                                  build/stm32f0xx_hal_msp.o
                                                  build/stm32f0xx_hal_rcc.o
HAL_GPIO_LockPin                                  build/stm32f0xx_hal_gpio.o
HAL_GPIO_ReadPin                                  build/stm32f0xx_hal_gpio.o
                                                  build/main.o
HAL_GPIO_TogglePin                                build/stm32f0xx_hal_gpio.o
                                                  build/main.o
HAL_GPIO_WritePin                                 build/stm32f0xx_hal_gpio.o
HAL_GetDEVID                                      build/stm32f0xx_hal.o
HAL_GetHalVersion                                 build/stm32f0xx_hal.o
HAL_GetREVID                                      build/stm32f0xx_hal.o
HAL_GetTick                                       build/stm32f0xx_hal.o
                                                  build/stm32f0xx_hal_rcc_ex.o
                                                  build/stm32f0xx_hal_rcc.o
                                                  build/stm32f0xx_hal_i2c.o
                                                  build/stm32f0xx_hal_flash.o
                                                  build/stm32f0xx_hal_dma.o
                                                  build/stm32f0xx_hal_adc_ex.o
                                                  build/stm32f0xx_hal_adc.o
                                                  build/main.o
HAL_GetTickFreq                                   build/stm32f0xx_hal.o
HAL_GetTickPrio                                   build/stm32f0xx_hal.o
HAL_GetUIDw0                                      build/stm32f0xx_hal.o
HAL_GetUIDw1                                      build/stm32f0xx_hal.o
HAL_GetUIDw2                                      build/stm32f0xx_hal.o
HAL_I2CEx_ConfigAnalogFilter                      build/stm32f0xx_hal_i2c_ex.o
HAL_I2CEx_ConfigDigitalFilter                     build/stm32f0xx_hal_i2c_ex.o
HAL_I2CEx_DisableFastModePlus                     build/stm32f0xx_hal_i2c_ex.o
HAL_I2CEx_DisableWakeUp                           build/stm32f0xx_hal_i2c_ex.o
HAL_I2CEx_EnableFastModePlus                      build/stm32f0xx_hal_i2c_ex.o
HAL_I2CEx_EnableWakeUp                            build/stm32f0xx_hal_i2c_ex.o
HAL_I2C_AbortCpltCallback                         build/stm32f0xx_hal_i2c.o
HAL_I2C_AddrCallback                              build/stm32f0xx_hal_i2c.o
HAL_I2C_DeInit                                    build/stm32f0xx_hal_i2c.o
HAL_I2C_DisableListen_IT                          build/stm32f0xx_hal_i2c.o
HAL_I2C_ER_IRQHandler                             build/stm32f0xx_hal_i2c.o
HAL_I2C_EV_IRQHandler                             build/stm32f0xx_hal_i2c.o
HAL_I2C_EnableListen_IT                           build/stm32f0xx_hal_i2c.o
HAL_I2C_ErrorCallback                             build/stm32f0xx_hal_i2c.o
HAL_I2C_GetError                                  build/stm32f0xx_hal_i2c.o
HAL_I2C_GetMode                                   build/stm32f0xx_hal_i2c.o
HAL_I2C_GetState                                  build/stm32f0xx_hal_i2c.o
HAL_I2C_Init                                      build/stm32f0xx_hal_i2c.o
HAL_I2C_IsDeviceReady                             build/stm32f0xx_hal_i2c.o
HAL_I2C_ListenCpltCallback                        build/stm32f0xx_hal_i2c.o
HAL_I2C_MasterRxCpltCallback                      build/stm32f0xx_hal_i2c.o
HAL_I2C_MasterTxCpltCallback                      build/stm32f0xx_hal_i2c.o
HAL_I2C_Master_Abort_IT                           build/stm32f0xx_hal_i2c.o
HAL_I2C_Master_Receive                            build/stm32f0xx_hal_i2c.o
HAL_I2C_Master_Receive_DMA                        build/stm32f0xx_hal_i2c.o
HAL_I2C_Master_Receive_IT                         build/stm32f0xx_hal_i2c.o
HAL_I2C_Master_Seq_Receive_DMA                    build/stm32f0xx_hal_i2c.o
HAL_I2C_Master_Seq_Receive_IT                     build/stm32f0xx_hal_i2c.o
HAL_I2C_Master_Seq_Transmit_DMA                   build/stm32f0xx_hal_i2c.o
HAL_I2C_Master_Seq_Transmit_IT                    build/stm32f0xx_hal_i2c.o
HAL_I2C_Master_Transmit                           build/stm32f0xx_hal_i2c.o
HAL_I2C_Master_Transmit_DMA                       build/stm32f0xx_hal_i2c.o
HAL_I2C_Master_Transmit_IT                        build/stm32f0xx_hal_i2c.o
HAL_I2C_MemRxCpltCallback                         build/stm32f0xx_hal_i2c.o
HAL_I2C_MemTxCpltCallback                         build/stm32f0xx_hal_i2c.o
HAL_I2C_Mem_Read                                  build/stm32f0xx_hal_i2c.o
HAL_I2C_Mem_Read_DMA                              build/stm32f0xx_hal_i2c.o
HAL_I2C_Mem_Read_IT                               build/stm32f0xx_hal_i2c.o
HAL_I2C_Mem_Write                                 build/stm32f0xx_hal_i2c.o
HAL_I2C_Mem_Write_DMA                             build/stm32f0xx_hal_i2c.o
HAL_I2C_Mem_Write_IT                              build/stm32f0xx_hal_i2c.o
HAL_I2C_MspDeInit                                 build/stm32f0xx_hal_i2c.o
HAL_I2C_MspInit                                   build/stm32f0xx_hal_i2c.o
HAL_I2C_SlaveRxCpltCallback                       build/stm32f0xx_hal_i2c.o
HAL_I2C_SlaveTxCpltCallback                       build/stm32f0xx_hal_i2c.o
HAL_I2C_Slave_Receive                             build/stm32f0xx_hal_i2c.o
HAL_I2C_Slave_Receive_DMA                         build/stm32f0xx_hal_i2c.o
HAL_I2C_Slave_Receive_IT                          build/stm32f0xx_hal_i2c.o
HAL_I2C_Slave_Seq_Receive_DMA                     build/stm32f0xx_hal_i2c.o
HAL_I2C_Slave_Seq_Receive_IT                      build/stm32f0xx_hal_i2c.o
HAL_I2C_Slave_Seq_Transmit_DMA                    build/stm32f0xx_hal_i2c.o
HAL_I2C_Slave_Seq_Transmit_IT                     build/stm32f0xx_hal_i2c.o
HAL_I2C_Slave_Transmit                            build/stm32f0xx_hal_i2c.o
HAL_I2C_Slave_Transmit_DMA                        build/stm32f0xx_hal_i2c.o
HAL_I2C_Slave_Transmit_IT                         build/stm32f0xx_hal_i2c.o
HAL_IncTick                                       build/stm32f0xx_hal.o
                                                  build/stm32f0xx_it.o
HAL_Init                                          build/stm32f0xx_hal.o
                                                  build/main.o
HAL_InitTick                                      build/stm32f0xx_hal.o
                                                  build/stm32f0xx_hal_rcc.o
                                                  build/main.o
HAL_MspDeInit                                     build/stm32f0xx_hal.o
HAL_MspInit                                       build/stm32f0xx_hal_msp.o
                                                  build/stm32f0xx_hal.o
HAL_NVIC_ClearPendingIRQ                          build/stm32f0xx_hal_cortex.o
HAL_NVIC_DisableIRQ                               build/stm32f0xx_hal_cortex.o
HAL_NVIC_EnableIRQ                                build/stm32f0xx_hal_cortex.o
                                                  build/main.o
HAL_NVIC_GetPendingIRQ                            build/stm32f0xx_hal_cortex.o
HAL_NVIC_GetPriority                              build/stm32f0xx_hal_cortex.o
HAL_NVIC_SetPendingIRQ                            build/stm32f0xx_hal_cortex.o
HAL_NVIC_SetPriority                              build/stm32f0xx_hal_cortex.o
                                                  build/stm32f0xx_hal.o
                                                  build/main.o
HAL_NVIC_SystemReset                              build/stm32f0xx_hal_cortex.o
HAL_PWR_ConfigPVD                                 build/stm32f0xx_hal_pwr_ex.o
HAL_PWR_DeInit                                    build/stm32f0xx_hal_pwr.o
HAL_PWR_DisableBkUpAccess                         build/stm32f0xx_hal_pwr.o
HAL_PWR_DisablePVD                                build/stm32f0xx_hal_pwr_ex.o
HAL_PWR_DisableSEVOnPend                          build/stm32f0xx_hal_pwr.o
HAL_PWR_DisableSleepOnExit                        build/stm32f0xx_hal_pwr.o
HAL_PWR_DisableWakeUpPin                          build/stm32f0xx_hal_pwr.o
HAL_PWR_EnableBkUpAccess                          build/stm32f0xx_hal_pwr.o
HAL_PWR_EnablePVD                                 build/stm32f0xx_hal_pwr_ex.o
HAL_PWR_EnableSEVOnPend                           build/stm32f0xx_hal_pwr.o
HAL_PWR_EnableSleepOnExit                         build/stm32f0xx_hal_pwr.o
HAL_PWR_EnableWakeUpPin                           build/stm32f0xx_hal_pwr.o
HAL_PWR_EnterSLEEPMode                            build/stm32f0xx_hal_pwr.o
HAL_PWR_EnterSTANDBYMode                          build/stm32f0xx_hal_pwr.o
HAL_PWR_EnterSTOPMode                             build/stm32f0xx_hal_pwr.o
HAL_PWR_PVDCallback                               build/stm32f0xx_hal_pwr_ex.o
HAL_PWR_PVD_IRQHandler                            build/stm32f0xx_hal_pwr_ex.o
HAL_RCCEx_GetPeriphCLKConfig                      build/stm32f0xx_hal_rcc_ex.o
HAL_RCCEx_GetPeriphCLKFreq                        build/stm32f0xx_hal_rcc_ex.o
HAL_RCCEx_PeriphCLKConfig                         build/stm32f0xx_hal_rcc_ex.o
HAL_RCC_CSSCallback                               build/stm32f0xx_hal_rcc.o
HAL_RCC_ClockConfig                               build/stm32f0xx_hal_rcc.o
HAL_RCC_DeInit                                    build/stm32f0xx_hal_rcc.o
HAL_RCC_DisableCSS                                build/stm32f0xx_hal_rcc.o
HAL_RCC_EnableCSS                                 build/stm32f0xx_hal_rcc.o
HAL_RCC_GetClockConfig                            build/stm32f0xx_hal_rcc.o
HAL_RCC_GetHCLKFreq                               build/stm32f0xx_hal_rcc.o
HAL_RCC_GetOscConfig                              build/stm32f0xx_hal_rcc.o
HAL_RCC_GetPCLK1Freq                              build/stm32f0xx_hal_rcc.o
                                                  build/stm32f0xx_hal_rcc_ex.o
HAL_RCC_GetSysClockFreq                           build/stm32f0xx_hal_rcc.o
                                                  build/stm32f0xx_hal_rcc_ex.o
HAL_RCC_MCOConfig                                 build/stm32f0xx_hal_rcc.o
HAL_RCC_NMI_IRQHandler                            build/stm32f0xx_hal_rcc.o
HAL_RCC_OscConfig                                 build/stm32f0xx_hal_rcc.o
HAL_ResumeTick                                    build/stm32f0xx_hal.o
HAL_SYSTICK_CLKSourceConfig                       build/stm32f0xx_hal_cortex.o
HAL_SYSTICK_Callback                              build/stm32f0xx_hal_cortex.o
HAL_SYSTICK_Config                                build/stm32f0xx_hal_cortex.o
                                                  build/stm32f0xx_hal.o
HAL_SYSTICK_IRQHandler                            build/stm32f0xx_hal_cortex.o
HAL_SetTickFreq                                   build/stm32f0xx_hal.o
HAL_SuspendTick                                   build/stm32f0xx_hal.o
HAL_TIMEx_BreakCallback                           build/stm32f0xx_hal_tim_ex.o
                                                  build/stm32f0xx_hal_tim.o
HAL_TIMEx_CommutCallback                          build/stm32f0xx_hal_tim_ex.o
                                                  build/stm32f0xx_hal_tim.o
HAL_TIMEx_CommutHalfCpltCallback                  build/stm32f0xx_hal_tim_ex.o
HAL_TIMEx_ConfigBreakDeadTime                     build/stm32f0xx_hal_tim_ex.o
HAL_TIMEx_ConfigCommutEvent                       build/stm32f0xx_hal_tim_ex.o
HAL_TIMEx_ConfigCommutEvent_DMA                   build/stm32f0xx_hal_tim_ex.o
HAL_TIMEx_ConfigCommutEvent_IT                    build/stm32f0xx_hal_tim_ex.o
HAL_TIMEx_GetChannelNState                        build/stm32f0xx_hal_tim_ex.o
HAL_TIMEx_HallSensor_DeInit                       build/stm32f0xx_hal_tim_ex.o
HAL_TIMEx_HallSensor_GetState                     build/stm32f0xx_hal_tim_ex.o
HAL_TIMEx_HallSensor_Init                         build/stm32f0xx_hal_tim_ex.o
HAL_TIMEx_HallSensor_MspDeInit                    build/stm32f0xx_hal_tim_ex.o
HAL_TIMEx_HallSensor_MspInit                      build/stm32f0xx_hal_tim_ex.o
HAL_TIMEx_HallSensor_Start                        build/stm32f0xx_hal_tim_ex.o
HAL_TIMEx_HallSensor_Start_DMA                    build/stm32f0xx_hal_tim_ex.o
HAL_TIMEx_HallSensor_Start_IT                     build/stm32f0xx_hal_tim_ex.o
HAL_TIMEx_HallSensor_Stop                         build/stm32f0xx_hal_tim_ex.o
HAL_TIMEx_HallSensor_Stop_DMA                     build/stm32f0xx_hal_tim_ex.o
HAL_TIMEx_HallSensor_Stop_IT                      build/stm32f0xx_hal_tim_ex.o
HAL_TIMEx_MasterConfigSynchronization             build/stm32f0xx_hal_tim_ex.o
                                                  build/main.o
HAL_TIMEx_OCN_Start                               build/stm32f0xx_hal_tim_ex.o
HAL_TIMEx_OCN_Start_DMA                           build/stm32f0xx_hal_tim_ex.o
HAL_TIMEx_OCN_Start_IT                            build/stm32f0xx_hal_tim_ex.o
HAL_TIMEx_OCN_Stop                                build/stm32f0xx_hal_tim_ex.o
HAL_TIMEx_OCN_Stop_DMA                            build/stm32f0xx_hal_tim_ex.o
HAL_TIMEx_OCN_Stop_IT                             build/stm32f0xx_hal_tim_ex.o
HAL_TIMEx_OnePulseN_Start                         build/stm32f0xx_hal_tim_ex.o
HAL_TIMEx_OnePulseN_Start_IT                      build/stm32f0xx_hal_tim_ex.o
HAL_TIMEx_OnePulseN_Stop                          build/stm32f0xx_hal_tim_ex.o
HAL_TIMEx_OnePulseN_Stop_IT                       build/stm32f0xx_hal_tim_ex.o
HAL_TIMEx_PWMN_Start                              build/stm32f0xx_hal_tim_ex.o
HAL_TIMEx_PWMN_Start_DMA                          build/stm32f0xx_hal_tim_ex.o
HAL_TIMEx_PWMN_Start_IT                           build/stm32f0xx_hal_tim_ex.o
HAL_TIMEx_PWMN_Stop                               build/stm32f0xx_hal_tim_ex.o
HAL_TIMEx_PWMN_Stop_DMA                           build/stm32f0xx_hal_tim_ex.o
HAL_TIMEx_PWMN_Stop_IT                            build/stm32f0xx_hal_tim_ex.o
HAL_TIMEx_RemapConfig                             build/stm32f0xx_hal_tim_ex.o
HAL_TIM_Base_DeInit                               build/stm32f0xx_hal_tim.o
HAL_TIM_Base_GetState                             build/stm32f0xx_hal_tim.o
HAL_TIM_Base_Init                                 build/stm32f0xx_hal_tim.o
                                                  build/main.o
HAL_TIM_Base_MspDeInit                            build/stm32f0xx_hal_msp.o
                                                  build/stm32f0xx_hal_tim.o
HAL_TIM_Base_MspInit                              build/stm32f0xx_hal_msp.o
                                                  build/stm32f0xx_hal_tim.o
HAL_TIM_Base_Start                                build/stm32f0xx_hal_tim.o
HAL_TIM_Base_Start_DMA                            build/stm32f0xx_hal_tim.o
HAL_TIM_Base_Start_IT                             build/stm32f0xx_hal_tim.o
HAL_TIM_Base_Stop                                 build/stm32f0xx_hal_tim.o
HAL_TIM_Base_Stop_DMA                             build/stm32f0xx_hal_tim.o
HAL_TIM_Base_Stop_IT                              build/stm32f0xx_hal_tim.o
HAL_TIM_ConfigClockSource                         build/stm32f0xx_hal_tim.o
                                                  build/main.o
HAL_TIM_ConfigOCrefClear                          build/stm32f0xx_hal_tim.o
HAL_TIM_ConfigTI1Input                            build/stm32f0xx_hal_tim.o
HAL_TIM_DMABurstState                             build/stm32f0xx_hal_tim.o
HAL_TIM_DMABurst_MultiReadStart                   build/stm32f0xx_hal_tim.o
HAL_TIM_DMABurst_MultiWriteStart                  build/stm32f0xx_hal_tim.o
HAL_TIM_DMABurst_ReadStart                        build/stm32f0xx_hal_tim.o
HAL_TIM_DMABurst_ReadStop                         build/stm32f0xx_hal_tim.o
HAL_TIM_DMABurst_WriteStart                       build/stm32f0xx_hal_tim.o
HAL_TIM_DMABurst_WriteStop                        build/stm32f0xx_hal_tim.o
HAL_TIM_Encoder_DeInit                            build/stm32f0xx_hal_tim.o
HAL_TIM_Encoder_GetState                          build/stm32f0xx_hal_tim.o
HAL_TIM_Encoder_Init                              build/stm32f0xx_hal_tim.o
HAL_TIM_Encoder_MspDeInit                         build/stm32f0xx_hal_tim.o
HAL_TIM_Encoder_MspInit                           build/stm32f0xx_hal_tim.o
HAL_TIM_Encoder_Start                             build/stm32f0xx_hal_tim.o
HAL_TIM_Encoder_Start_DMA                         build/stm32f0xx_hal_tim.o
HAL_TIM_Encoder_Start_IT                          build/stm32f0xx_hal_tim.o
HAL_TIM_Encoder_Stop                              build/stm32f0xx_hal_tim.o
HAL_TIM_Encoder_Stop_DMA                          build/stm32f0xx_hal_tim.o
HAL_TIM_Encoder_Stop_IT                           build/stm32f0xx_hal_tim.o
HAL_TIM_ErrorCallback                             build/stm32f0xx_hal_tim.o
                                                  build/stm32f0xx_hal_tim_ex.o
HAL_TIM_GenerateEvent                             build/stm32f0xx_hal_tim.o
HAL_TIM_GetActiveChannel                          build/stm32f0xx_hal_tim.o
HAL_TIM_GetChannelState                           build/stm32f0xx_hal_tim.o
HAL_TIM_IC_CaptureCallback                        build/stm32f0xx_hal_tim.o
HAL_TIM_IC_CaptureHalfCpltCallback                build/stm32f0xx_hal_tim.o
HAL_TIM_IC_ConfigChannel                          build/stm32f0xx_hal_tim.o
HAL_TIM_IC_DeInit                                 build/stm32f0xx_hal_tim.o
HAL_TIM_IC_GetState                               build/stm32f0xx_hal_tim.o
HAL_TIM_IC_Init                                   build/stm32f0xx_hal_tim.o
HAL_TIM_IC_MspDeInit                              build/stm32f0xx_hal_tim.o
HAL_TIM_IC_MspInit                                build/stm32f0xx_hal_tim.o
HAL_TIM_IC_Start                                  build/stm32f0xx_hal_tim.o
HAL_TIM_IC_Start_DMA                              build/stm32f0xx_hal_tim.o
HAL_TIM_IC_Start_IT                               build/stm32f0xx_hal_tim.o
HAL_TIM_IC_Stop                                   build/stm32f0xx_hal_tim.o
HAL_TIM_IC_Stop_DMA                               build/stm32f0xx_hal_tim.o
HAL_TIM_IC_Stop_IT                                build/stm32f0xx_hal_tim.o
HAL_TIM_IRQHandler                                build/stm32f0xx_hal_tim.o
HAL_TIM_MspPostInit                               build/stm32f0xx_hal_msp.o
                                                  build/main.o
HAL_TIM_OC_ConfigChannel                          build/stm32f0xx_hal_tim.o
HAL_TIM_OC_DeInit                                 build/stm32f0xx_hal_tim.o
HAL_TIM_OC_DelayElapsedCallback                   build/stm32f0xx_hal_tim.o
HAL_TIM_OC_GetState                               build/stm32f0xx_hal_tim.o
HAL_TIM_OC_Init                                   build/stm32f0xx_hal_tim.o
HAL_TIM_OC_MspDeInit                              build/stm32f0xx_hal_tim.o
HAL_TIM_OC_MspInit                                build/stm32f0xx_hal_tim.o
HAL_TIM_OC_Start                                  build/stm32f0xx_hal_tim.o
HAL_TIM_OC_Start_DMA                              build/stm32f0xx_hal_tim.o
HAL_TIM_OC_Start_IT                               build/stm32f0xx_hal_tim.o
HAL_TIM_OC_Stop                                   build/stm32f0xx_hal_tim.o
HAL_TIM_OC_Stop_DMA                               build/stm32f0xx_hal_tim.o
HAL_TIM_OC_Stop_IT                                build/stm32f0xx_hal_tim.o
HAL_TIM_OnePulse_ConfigChannel                    build/stm32f0xx_hal_tim.o
HAL_TIM_OnePulse_DeInit                           build/stm32f0xx_hal_tim.o
HAL_TIM_OnePulse_GetState                         build/stm32f0xx_hal_tim.o
HAL_TIM_OnePulse_Init                             build/stm32f0xx_hal_tim.o
HAL_TIM_OnePulse_MspDeInit                        build/stm32f0xx_hal_tim.o
HAL_TIM_OnePulse_MspInit                          build/stm32f0xx_hal_tim.o
HAL_TIM_OnePulse_Start                            build/stm32f0xx_hal_tim.o
HAL_TIM_OnePulse_Start_IT                         build/stm32f0xx_hal_tim.o
HAL_TIM_OnePulse_Stop                             build/stm32f0xx_hal_tim.o
HAL_TIM_OnePulse_Stop_IT                          build/stm32f0xx_hal_tim.o
HAL_TIM_PWM_ConfigChannel                         build/stm32f0xx_hal_tim.o
                                                  build/main.o
HAL_TIM_PWM_DeInit                                build/stm32f0xx_hal_tim.o
HAL_TIM_PWM_GetState                              build/stm32f0xx_hal_tim.o
HAL_TIM_PWM_Init                                  build/stm32f0xx_hal_tim.o
                                                  build/main.o
HAL_TIM_PWM_MspDeInit                             build/stm32f0xx_hal_tim.o
HAL_TIM_PWM_MspInit                               build/stm32f0xx_hal_tim.o
HAL_TIM_PWM_PulseFinishedCallback                 build/stm32f0xx_hal_tim.o
                                                  build/stm32f0xx_hal_tim_ex.o
HAL_TIM_PWM_PulseFinishedHalfCpltCallback         build/stm32f0xx_hal_tim.o
HAL_TIM_PWM_Start                                 build/stm32f0xx_hal_tim.o
                                                  build/main.o
HAL_TIM_PWM_Start_DMA                             build/stm32f0xx_hal_tim.o
HAL_TIM_PWM_Start_IT                              build/stm32f0xx_hal_tim.o
HAL_TIM_PWM_Stop                                  build/stm32f0xx_hal_tim.o
HAL_TIM_PWM_Stop_DMA                              build/stm32f0xx_hal_tim.o
HAL_TIM_PWM_Stop_IT                               build/stm32f0xx_hal_tim.o
HAL_TIM_PeriodElapsedCallback                     build/stm32f0xx_hal_tim.o
HAL_TIM_PeriodElapsedHalfCpltCallback             build/stm32f0xx_hal_tim.o
HAL_TIM_ReadCapturedValue                         build/stm32f0xx_hal_tim.o
HAL_TIM_SlaveConfigSynchro                        build/stm32f0xx_hal_tim.o
HAL_TIM_SlaveConfigSynchro_IT                     build/stm32f0xx_hal_tim.o
HAL_TIM_TriggerCallback                           build/stm32f0xx_hal_tim.o
HAL_TIM_TriggerHalfCpltCallback                   build/stm32f0xx_hal_tim.o
HardFault_Handler                                 build/stm32f0xx_it.o
I2C1_IRQHandler                                   build/startup_stm32f051x8.o
I2C2_IRQHandler                                   build/startup_stm32f051x8.o
LL_EXTI_DeInit                                    build/stm32f0xx_ll_exti.o
LL_EXTI_Init                                      build/stm32f0xx_ll_exti.o
                                                  build/main.o
LL_EXTI_StructInit                                build/stm32f0xx_ll_exti.o
LL_GPIO_DeInit                                    build/stm32f0xx_ll_gpio.o
LL_GPIO_Init                                      build/stm32f0xx_ll_gpio.o
                                                  build/main.o
LL_GPIO_StructInit                                build/stm32f0xx_ll_gpio.o
LL_Init1msTick                                    build/stm32f0xx_ll_utils.o
LL_PLL_ConfigSystemClock_HSE                      build/stm32f0xx_ll_utils.o
LL_PLL_ConfigSystemClock_HSI                      build/stm32f0xx_ll_utils.o
LL_RCC_DeInit                                     build/stm32f0xx_ll_rcc.o
LL_RCC_GetCECClockFreq                            build/stm32f0xx_ll_rcc.o
LL_RCC_GetI2CClockFreq                            build/stm32f0xx_ll_rcc.o
LL_RCC_GetSystemClocksFreq                        build/stm32f0xx_ll_rcc.o
LL_RCC_GetUSARTClockFreq                          build/stm32f0xx_ll_rcc.o
LL_SetFlashLatency                                build/stm32f0xx_ll_utils.o
LL_SetSystemCoreClock                             build/stm32f0xx_ll_utils.o
                                                  build/main.o
LL_mDelay                                         build/stm32f0xx_ll_utils.o
NMI_Handler                                       build/stm32f0xx_it.o
PVD_IRQHandler                                    build/startup_stm32f051x8.o
PendSV_Handler                                    build/stm32f0xx_it.o
RCC_CRS_IRQHandler                                build/startup_stm32f051x8.o
RCC_GetHCLKClockFreq                              build/stm32f0xx_ll_rcc.o
RCC_GetPCLK1ClockFreq                             build/stm32f0xx_ll_rcc.o
RCC_GetSystemClockFreq                            build/stm32f0xx_ll_rcc.o
RCC_PLL_GetFreqDomain_SYS                         build/stm32f0xx_ll_rcc.o
RTC_IRQHandler                                    build/startup_stm32f051x8.o
Reset_Handler                                     build/startup_stm32f051x8.o
SPI1_IRQHandler                                   build/startup_stm32f051x8.o
SPI2_IRQHandler                                   build/startup_stm32f051x8.o
SVC_Handler                                       build/stm32f0xx_it.o
SysTick_Handler                                   build/stm32f0xx_it.o
SystemClock_Config                                build/main.o
SystemCoreClock                                   build/system_stm32f0xx.o
                                                  build/stm32f0xx_ll_utils.o
                                                  build/stm32f0xx_hal_rcc.o
                                                  build/stm32f0xx_hal_adc.o
                                                  build/stm32f0xx_hal.o
SystemCoreClockUpdate                             build/system_stm32f0xx.o
SystemInit                                        build/system_stm32f0xx.o
                                                  build/startup_stm32f051x8.o
TIM14_IRQHandler                                  build/startup_stm32f051x8.o
TIM15_IRQHandler                                  build/startup_stm32f051x8.o
TIM16_IRQHandler                                  build/startup_stm32f051x8.o
TIM17_IRQHandler                                  build/startup_stm32f051x8.o
TIM1_BRK_UP_TRG_COM_IRQHandler                    build/startup_stm32f051x8.o
TIM1_CC_IRQHandler                                build/startup_stm32f051x8.o
TIM2_IRQHandler                                   build/startup_stm32f051x8.o
TIM3_IRQHandler                                   build/startup_stm32f051x8.o
TIM6_DAC_IRQHandler                               build/startup_stm32f051x8.o
TIMEx_DMACommutationCplt                          build/stm32f0xx_hal_tim_ex.o
                                                  build/stm32f0xx_hal_tim.o
TIMEx_DMACommutationHalfCplt                      build/stm32f0xx_hal_tim_ex.o
                                                  build/stm32f0xx_hal_tim.o
TIM_Base_SetConfig                                build/stm32f0xx_hal_tim.o
                                                  build/stm32f0xx_hal_tim_ex.o
TIM_CCxChannelCmd                                 build/stm32f0xx_hal_tim.o
                                                  build/stm32f0xx_hal_tim_ex.o
TIM_DMACaptureCplt                                build/stm32f0xx_hal_tim.o
                                                  build/stm32f0xx_hal_tim_ex.o
TIM_DMACaptureHalfCplt                            build/stm32f0xx_hal_tim.o
                                                  build/stm32f0xx_hal_tim_ex.o
TIM_DMADelayPulseHalfCplt                         build/stm32f0xx_hal_tim.o
                                                  build/stm32f0xx_hal_tim_ex.o
TIM_DMAError                                      build/stm32f0xx_hal_tim.o
                                                  build/stm32f0xx_hal_tim_ex.o
TIM_ETR_SetConfig                                 build/stm32f0xx_hal_tim.o
TIM_OC2_SetConfig                                 build/stm32f0xx_hal_tim.o
                                                  build/stm32f0xx_hal_tim_ex.o
TIM_TI1_SetConfig                                 build/stm32f0xx_hal_tim.o
                                                  build/stm32f0xx_hal_tim_ex.o
TSC_IRQHandler                                    build/startup_stm32f051x8.o
USART1_IRQHandler                                 build/startup_stm32f051x8.o
USART2_IRQHandler                                 build/startup_stm32f051x8.o
WWDG_IRQHandler                                   build/startup_stm32f051x8.o
__aeabi_idiv0                                     /usr/local/Cellar/arm-gcc-bin@10/10.3-2021.10_1/bin/../lib/gcc/arm-none-eabi/10.3.1/thumb/v6-m/nofp/libgcc.a(_dvmd_tls.o)
                                                  /usr/local/Cellar/arm-gcc-bin@10/10.3-2021.10_1/bin/../lib/gcc/arm-none-eabi/10.3.1/thumb/v6-m/nofp/libgcc.a(_udivsi3.o)
__aeabi_ldiv0                                     /usr/local/Cellar/arm-gcc-bin@10/10.3-2021.10_1/bin/../lib/gcc/arm-none-eabi/10.3.1/thumb/v6-m/nofp/libgcc.a(_dvmd_tls.o)
__aeabi_uidiv                                     /usr/local/Cellar/arm-gcc-bin@10/10.3-2021.10_1/bin/../lib/gcc/arm-none-eabi/10.3.1/thumb/v6-m/nofp/libgcc.a(_udivsi3.o)
                                                  build/stm32f0xx_ll_utils.o
                                                  build/stm32f0xx_hal_rcc.o
                                                  build/stm32f0xx_hal_dma.o
                                                  build/stm32f0xx_hal_adc.o
                                                  build/stm32f0xx_ll_rcc.o
                                                  build/stm32f0xx_hal.o
                                                  build/system_stm32f0xx.o
__aeabi_uidivmod                                  /usr/local/Cellar/arm-gcc-bin@10/10.3-2021.10_1/bin/../lib/gcc/arm-none-eabi/10.3.1/thumb/v6-m/nofp/libgcc.a(_udivsi3.o)
__bss_end__                                       /usr/local/Cellar/arm-gcc-bin@10/10.3-2021.10_1/bin/../lib/gcc/arm-none-eabi/10.3.1/../../../../arm-none-eabi/lib/thumb/v6-m/nofp/crt0.o
__bss_start__                                     /usr/local/Cellar/arm-gcc-bin@10/10.3-2021.10_1/bin/../lib/gcc/arm-none-eabi/10.3.1/../../../../arm-none-eabi/lib/thumb/v6-m/nofp/crt0.o
__call_exitprocs                                  /usr/local/Cellar/arm-gcc-bin@10/10.3-2021.10_1/bin/../lib/gcc/arm-none-eabi/10.3.1/../../../../arm-none-eabi/lib/thumb/v6-m/nofp/libc_nano.a(lib_a-exit.o)
__deregister_frame_info                           /usr/local/Cellar/arm-gcc-bin@10/10.3-2021.10_1/bin/../lib/gcc/arm-none-eabi/10.3.1/thumb/v6-m/nofp/crtbegin.o
__dso_handle                                      /usr/local/Cellar/arm-gcc-bin@10/10.3-2021.10_1/bin/../lib/gcc/arm-none-eabi/10.3.1/thumb/v6-m/nofp/crtbegin.o
__init_array_end                                  /usr/local/Cellar/arm-gcc-bin@10/10.3-2021.10_1/bin/../lib/gcc/arm-none-eabi/10.3.1/../../../../arm-none-eabi/lib/thumb/v6-m/nofp/libc_nano.a(lib_a-init.o)
__init_array_start                                /usr/local/Cellar/arm-gcc-bin@10/10.3-2021.10_1/bin/../lib/gcc/arm-none-eabi/10.3.1/../../../../arm-none-eabi/lib/thumb/v6-m/nofp/libc_nano.a(lib_a-init.o)
__libc_fini_array                                 /usr/local/Cellar/arm-gcc-bin@10/10.3-2021.10_1/bin/../lib/gcc/arm-none-eabi/10.3.1/../../../../arm-none-eabi/lib/thumb/v6-m/nofp/crt0.o
__libc_init_array                                 /usr/local/Cellar/arm-gcc-bin@10/10.3-2021.10_1/bin/../lib/gcc/arm-none-eabi/10.3.1/../../../../arm-none-eabi/lib/thumb/v6-m/nofp/libc_nano.a(lib_a-init.o)
                                                  build/startup_stm32f051x8.o
                                                  /usr/local/Cellar/arm-gcc-bin@10/10.3-2021.10_1/bin/../lib/gcc/arm-none-eabi/10.3.1/../../../../arm-none-eabi/lib/thumb/v6-m/nofp/crt0.o
__preinit_array_end                               /usr/local/Cellar/arm-gcc-bin@10/10.3-2021.10_1/bin/../lib/gcc/arm-none-eabi/10.3.1/../../../../arm-none-eabi/lib/thumb/v6-m/nofp/libc_nano.a(lib_a-init.o)
__preinit_array_start                             /usr/local/Cellar/arm-gcc-bin@10/10.3-2021.10_1/bin/../lib/gcc/arm-none-eabi/10.3.1/../../../../arm-none-eabi/lib/thumb/v6-m/nofp/libc_nano.a(lib_a-init.o)
__register_frame_info                             /usr/local/Cellar/arm-gcc-bin@10/10.3-2021.10_1/bin/../lib/gcc/arm-none-eabi/10.3.1/thumb/v6-m/nofp/crtbegin.o
__sf_fake_stderr                                  /usr/local/Cellar/arm-gcc-bin@10/10.3-2021.10_1/bin/../lib/gcc/arm-none-eabi/10.3.1/../../../../arm-none-eabi/lib/thumb/v6-m/nofp/libc_nano.a(lib_a-impure.o)
__sf_fake_stdin                                   /usr/local/Cellar/arm-gcc-bin@10/10.3-2021.10_1/bin/../lib/gcc/arm-none-eabi/10.3.1/../../../../arm-none-eabi/lib/thumb/v6-m/nofp/libc_nano.a(lib_a-impure.o)
__sf_fake_stdout                                  /usr/local/Cellar/arm-gcc-bin@10/10.3-2021.10_1/bin/../lib/gcc/arm-none-eabi/10.3.1/../../../../arm-none-eabi/lib/thumb/v6-m/nofp/libc_nano.a(lib_a-impure.o)
__stack                                           /usr/local/Cellar/arm-gcc-bin@10/10.3-2021.10_1/bin/../lib/gcc/arm-none-eabi/10.3.1/../../../../arm-none-eabi/lib/thumb/v6-m/nofp/crt0.o
__udivsi3                                         /usr/local/Cellar/arm-gcc-bin@10/10.3-2021.10_1/bin/../lib/gcc/arm-none-eabi/10.3.1/thumb/v6-m/nofp/libgcc.a(_udivsi3.o)
_ebss                                             build/startup_stm32f051x8.o
_edata                                            build/startup_stm32f051x8.o
_estack                                           build/startup_stm32f051x8.o
_exit                                             /usr/local/Cellar/arm-gcc-bin@10/10.3-2021.10_1/bin/../lib/gcc/arm-none-eabi/10.3.1/../../../../arm-none-eabi/lib/thumb/v6-m/nofp/libnosys.a(_exit.o)
                                                  /usr/local/Cellar/arm-gcc-bin@10/10.3-2021.10_1/bin/../lib/gcc/arm-none-eabi/10.3.1/../../../../arm-none-eabi/lib/thumb/v6-m/nofp/libc_nano.a(lib_a-exit.o)
_fini                                             /usr/local/Cellar/arm-gcc-bin@10/10.3-2021.10_1/bin/../lib/gcc/arm-none-eabi/10.3.1/thumb/v6-m/nofp/crti.o
_global_impure_ptr                                /usr/local/Cellar/arm-gcc-bin@10/10.3-2021.10_1/bin/../lib/gcc/arm-none-eabi/10.3.1/../../../../arm-none-eabi/lib/thumb/v6-m/nofp/libc_nano.a(lib_a-impure.o)
                                                  /usr/local/Cellar/arm-gcc-bin@10/10.3-2021.10_1/bin/../lib/gcc/arm-none-eabi/10.3.1/../../../../arm-none-eabi/lib/thumb/v6-m/nofp/libc_nano.a(lib_a-exit.o)
_impure_ptr                                       /usr/local/Cellar/arm-gcc-bin@10/10.3-2021.10_1/bin/../lib/gcc/arm-none-eabi/10.3.1/../../../../arm-none-eabi/lib/thumb/v6-m/nofp/libc_nano.a(lib_a-impure.o)
_init                                             /usr/local/Cellar/arm-gcc-bin@10/10.3-2021.10_1/bin/../lib/gcc/arm-none-eabi/10.3.1/thumb/v6-m/nofp/crti.o
                                                  /usr/local/Cellar/arm-gcc-bin@10/10.3-2021.10_1/bin/../lib/gcc/arm-none-eabi/10.3.1/../../../../arm-none-eabi/lib/thumb/v6-m/nofp/libc_nano.a(lib_a-init.o)
_mainCRTStartup                                   /usr/local/Cellar/arm-gcc-bin@10/10.3-2021.10_1/bin/../lib/gcc/arm-none-eabi/10.3.1/../../../../arm-none-eabi/lib/thumb/v6-m/nofp/crt0.o
_sbss                                             build/startup_stm32f051x8.o
_sdata                                            build/startup_stm32f051x8.o
_sidata                                           build/startup_stm32f051x8.o
_stack_init                                       /usr/local/Cellar/arm-gcc-bin@10/10.3-2021.10_1/bin/../lib/gcc/arm-none-eabi/10.3.1/../../../../arm-none-eabi/lib/thumb/v6-m/nofp/crt0.o
_start                                            /usr/local/Cellar/arm-gcc-bin@10/10.3-2021.10_1/bin/../lib/gcc/arm-none-eabi/10.3.1/../../../../arm-none-eabi/lib/thumb/v6-m/nofp/crt0.o
adc_val                                           build/main.o
atexit                                            /usr/local/Cellar/arm-gcc-bin@10/10.3-2021.10_1/bin/../lib/gcc/arm-none-eabi/10.3.1/../../../../arm-none-eabi/lib/thumb/v6-m/nofp/crt0.o
curr_millis                                       build/main.o
delay                                             build/main.o
delay_t                                           build/main.o
exit                                              /usr/local/Cellar/arm-gcc-bin@10/10.3-2021.10_1/bin/../lib/gcc/arm-none-eabi/10.3.1/../../../../arm-none-eabi/lib/thumb/v6-m/nofp/libc_nano.a(lib_a-exit.o)
                                                  /usr/local/Cellar/arm-gcc-bin@10/10.3-2021.10_1/bin/../lib/gcc/arm-none-eabi/10.3.1/../../../../arm-none-eabi/lib/thumb/v6-m/nofp/crt0.o
g_pfnVectors                                      build/startup_stm32f051x8.o
hadc                                              build/main.o
hardware_init_hook                                /usr/local/Cellar/arm-gcc-bin@10/10.3-2021.10_1/bin/../lib/gcc/arm-none-eabi/10.3.1/../../../../arm-none-eabi/lib/thumb/v6-m/nofp/crt0.o
htim3                                             build/main.o
init_LCD                                          build/main.o
lcd_command                                       build/main.o
lcd_putchar                                       build/main.o
lcd_putstring                                     build/main.o
main                                              build/main.o
                                                  build/startup_stm32f051x8.o
                                                  /usr/local/Cellar/arm-gcc-bin@10/10.3-2021.10_1/bin/../lib/gcc/arm-none-eabi/10.3.1/../../../../arm-none-eabi/lib/thumb/v6-m/nofp/crt0.o
memset                                            /usr/local/Cellar/arm-gcc-bin@10/10.3-2021.10_1/bin/../lib/gcc/arm-none-eabi/10.3.1/../../../../arm-none-eabi/lib/thumb/v6-m/nofp/libc_nano.a(lib_a-memset.o)
                                                  build/stm32f0xx_hal_msp.o
                                                  build/main.o
                                                  /usr/local/Cellar/arm-gcc-bin@10/10.3-2021.10_1/bin/../lib/gcc/arm-none-eabi/10.3.1/../../../../arm-none-eabi/lib/thumb/v6-m/nofp/crt0.o
pFlash                                            build/stm32f0xx_hal_flash.o
                                                  build/stm32f0xx_hal_flash_ex.o
pollADC                                           build/main.o
prev_millis                                       build/main.o
pulse_strobe                                      build/main.o
software_init_hook                                /usr/local/Cellar/arm-gcc-bin@10/10.3-2021.10_1/bin/../lib/gcc/arm-none-eabi/10.3.1/../../../../arm-none-eabi/lib/thumb/v6-m/nofp/crt0.o
uwTick                                            build/stm32f0xx_hal.o
uwTickFreq                                        build/stm32f0xx_hal.o
uwTickPrio                                        build/stm32f0xx_hal.o
                                                  build/stm32f0xx_hal_rcc.o
writeLCD                                          build/main.o
